../Drivers/STM32F1xx_HAL_Driver/Src/stm32f1xx_hal_usart.c:2348:13:USART_EndRxTransfer	0	static
../Drivers/STM32F1xx_HAL_Driver/Src/stm32f1xx_hal_usart.c:2295:26:USART_WaitOnFlagUntilTimeout.constprop	24	static
../Drivers/STM32F1xx_HAL_Driver/Src/stm32f1xx_hal_usart.c:397:13:HAL_USART_MspInit	0	static
../Drivers/STM32F1xx_HAL_Driver/Src/stm32f1xx_hal_usart.c:295:19:HAL_USART_Init	16	static
../Drivers/STM32F1xx_HAL_Driver/Src/stm32f1xx_hal_usart.c:412:13:HAL_USART_MspDeInit	0	static
../Drivers/STM32F1xx_HAL_Driver/Src/stm32f1xx_hal_usart.c:354:19:HAL_USART_DeInit	8	static
../Drivers/STM32F1xx_HAL_Driver/Src/stm32f1xx_hal_usart.c:744:19:HAL_USART_Transmit	32	static
../Drivers/STM32F1xx_HAL_Driver/Src/stm32f1xx_hal_usart.c:833:19:HAL_USART_Receive	32	static
../Drivers/STM32F1xx_HAL_Driver/Src/stm32f1xx_hal_usart.c:934:19:HAL_USART_TransmitReceive	32	static
../Drivers/STM32F1xx_HAL_Driver/Src/stm32f1xx_hal_usart.c:1073:19:HAL_USART_Transmit_IT	8	static
../Drivers/STM32F1xx_HAL_Driver/Src/stm32f1xx_hal_usart.c:1126:19:HAL_USART_Receive_IT	8	static
../Drivers/STM32F1xx_HAL_Driver/Src/stm32f1xx_hal_usart.c:1176:19:HAL_USART_TransmitReceive_IT	12	static
../Drivers/STM32F1xx_HAL_Driver/Src/stm32f1xx_hal_usart.c:1231:19:HAL_USART_Transmit_DMA	16	static
../Drivers/STM32F1xx_HAL_Driver/Src/stm32f1xx_hal_usart.c:1298:19:HAL_USART_Receive_DMA	32	static
../Drivers/STM32F1xx_HAL_Driver/Src/stm32f1xx_hal_usart.c:1393:19:HAL_USART_TransmitReceive_DMA	32	static
../Drivers/STM32F1xx_HAL_Driver/Src/stm32f1xx_hal_usart.c:1480:19:HAL_USART_DMAPause	0	static
../Drivers/STM32F1xx_HAL_Driver/Src/stm32f1xx_hal_usart.c:1500:19:HAL_USART_DMAResume	0	static
../Drivers/STM32F1xx_HAL_Driver/Src/stm32f1xx_hal_usart.c:1520:19:HAL_USART_DMAStop	8	static
../Drivers/STM32F1xx_HAL_Driver/Src/stm32f1xx_hal_usart.c:1577:19:HAL_USART_Abort	8	static
../Drivers/STM32F1xx_HAL_Driver/Src/stm32f1xx_hal_usart.c:1924:13:HAL_USART_TxCpltCallback	0	static
../Drivers/STM32F1xx_HAL_Driver/Src/stm32f1xx_hal_usart.c:2101:13:USART_DMATransmitCplt	8	static
../Drivers/STM32F1xx_HAL_Driver/Src/stm32f1xx_hal_usart.c:1939:13:HAL_USART_TxHalfCpltCallback	0	static
../Drivers/STM32F1xx_HAL_Driver/Src/stm32f1xx_hal_usart.c:2140:13:USART_DMATxHalfCplt	8	static
../Drivers/STM32F1xx_HAL_Driver/Src/stm32f1xx_hal_usart.c:1954:13:HAL_USART_RxCpltCallback	0	static
../Drivers/STM32F1xx_HAL_Driver/Src/stm32f1xx_hal_usart.c:2538:26:USART_Receive_IT.isra	8	static
../Drivers/STM32F1xx_HAL_Driver/Src/stm32f1xx_hal_usart.c:1969:13:HAL_USART_RxHalfCpltCallback	0	static
../Drivers/STM32F1xx_HAL_Driver/Src/stm32f1xx_hal_usart.c:2233:13:USART_DMARxHalfCplt	8	static
../Drivers/STM32F1xx_HAL_Driver/Src/stm32f1xx_hal_usart.c:1984:13:HAL_USART_TxRxCpltCallback	0	static
../Drivers/STM32F1xx_HAL_Driver/Src/stm32f1xx_hal_usart.c:2159:13:USART_DMAReceiveCplt	8	static
../Drivers/STM32F1xx_HAL_Driver/Src/stm32f1xx_hal_usart.c:2614:26:USART_TransmitReceive_IT.isra	8	static
../Drivers/STM32F1xx_HAL_Driver/Src/stm32f1xx_hal_usart.c:1999:13:HAL_USART_ErrorCallback	0	static
../Drivers/STM32F1xx_HAL_Driver/Src/stm32f1xx_hal_usart.c:2252:13:USART_DMAError	8	static
../Drivers/STM32F1xx_HAL_Driver/Src/stm32f1xx_hal_usart.c:1762:6:HAL_USART_IRQHandler	16	static
../Drivers/STM32F1xx_HAL_Driver/Src/stm32f1xx_hal_usart.c:2364:13:USART_DMAAbortOnError	8	static
../Drivers/STM32F1xx_HAL_Driver/Src/stm32f1xx_hal_usart.c:2013:13:HAL_USART_AbortCpltCallback	0	static
../Drivers/STM32F1xx_HAL_Driver/Src/stm32f1xx_hal_usart.c:1643:19:HAL_USART_Abort_IT	8	static
../Drivers/STM32F1xx_HAL_Driver/Src/stm32f1xx_hal_usart.c:2430:13:USART_DMARxAbortCallback	8	static
../Drivers/STM32F1xx_HAL_Driver/Src/stm32f1xx_hal_usart.c:2387:13:USART_DMATxAbortCallback	8	static
../Drivers/STM32F1xx_HAL_Driver/Src/stm32f1xx_hal_usart.c:2052:24:HAL_USART_GetState	0	static
../Drivers/STM32F1xx_HAL_Driver/Src/stm32f1xx_hal_usart.c:2063:10:HAL_USART_GetError	0	static
